BMI Ratios for 40s (%) - Should be all zeros
Underweight: 0.0
Normal: 0.0
Overweight: 0.0
Obesity: 0.0

